
   info - Don't use 
'BuildContext's across async 
gaps, guarded by an unrelated 
'mounted' check - lib\features\hom
e\view\home_screen.dart:201:27 - 
use_build_context_synchronously
   info - Don't use 
'BuildContext's across async 
gaps, guarded by an unrelated 
'mounted' check - lib\features\hom
e\view\home_screen.dart:205:27 - 
use_build_context_synchronously
   info - Don't use 
'BuildContext's across async 
gaps, guarded by an unrelated 
'mounted' check - lib\features\loc
ation\view\location_selection_shee
t.dart:172:15 - 
use_build_context_synchronously
   info - Don't use 
'BuildContext's across async 
gaps, guarded by an unrelated 
'mounted' check - lib\features\loc
ation\view\location_selection_shee
t.dart:173:25 - 
use_build_context_synchronously
   info - Don't use 
'BuildContext's across async 
gaps, guarded by an unrelated 
'mounted' check - lib\features\loc
ation\view\location_selection_shee
t.dart:175:39 - 
use_build_context_synchronously
   info - Don't use 
'BuildContext's across async gaps 
- lib\features\profile\controller\
profile_controller.dart:185:9 - 
use_build_context_synchronously
   info - Don't use 
'BuildContext's across async gaps 
- lib\features\profile\controller\
profile_controller.dart:191:35 - 
use_build_context_synchronously
   info - Don't use 
'BuildContext's across async gaps 
- lib\features\profile\controller\
profile_controller.dart:194:11 - 
use_build_context_synchronously
   info - Don't use 
'BuildContext's across async 
gaps, guarded by an unrelated 
'mounted' check - lib\features\pro
file\view\edit_profile_screen.dart
:539:23 - 
use_build_context_synchronously
   info - Don't use 
'BuildContext's across async 
gaps, guarded by an unrelated 
'mounted' check - lib\features\pro
file\view\edit_profile_screen.dart
:546:42 - 
use_build_context_synchronously
   info - Don't use 
'BuildContext's across async gaps 
- lib\features\profile\view\user_p
rofile_screen.dart:48:15 - 
use_build_context_synchronously
   info - Don't use 
'BuildContext's across async gaps 
- lib\features\profile\view\user_p
rofile_screen.dart:50:26 - 
use_build_context_synchronously
  error - The getter 'context' 
isn't defined for the type 
'GradientColors' - lib\features\sp
lash\view\onbording_screen.dart:11
3:30 - undefined_getter
  error - The getter 'context' 
isn't defined for the type 
'GradientColors' - lib\features\sp
lash\view\onbording_screen.dart:11
4:30 - undefined_getter
  error - The getter 'context' 
isn't defined for the type 
'GradientColors' - lib\features\sp
lash\view\onbording_screen.dart:22
1:43 - undefined_getter
  error - Undefined name 
'context' - lib\features\subscript
ion\view\my_subscriptions_list_scr
een.dart:223:27 - 
undefined_identifier
  error - Undefined name 
'context' - lib\features\subscript
ion\view\my_subscriptions_list_scr
een.dart:226:31 - 
undefined_identifier
  error - Undefined name 
'context' - lib\features\subscript
ion\view\my_subscriptions_list_scr
een.dart:230:26 - 
undefined_identifier
   info - Don't use 
'BuildContext's across async 
gaps, guarded by an unrelated 
'mounted' check - lib\features\tra
de_steps_flow\view\trade_completio
n_screen4.dart:541:11 - 
use_build_context_synchronously
   info - Don't use 
'BuildContext's across async 
gaps, guarded by an unrelated 
'mounted' check - lib\features\tra
de_steps_flow\view\trade_completio
n_screen4.dart:542:38 - 
use_build_context_synchronously
   info - Don't use 
'BuildContext's across async 
gaps, guarded by an unrelated 
'mounted' check - lib\features\tra
de_steps_flow\view\trade_completio
n_screen4.dart:545:9 - 
use_build_context_synchronously
   info - Don't use 
'BuildContext's across async 
gaps, guarded by an unrelated 
'mounted' check - lib\features\tra
de_steps_flow\view\trade_start_scr
een3.dart:821:30 - 
use_build_context_synchronously
   info - Don't use 
'BuildContext's across async 
gaps, guarded by an unrelated 
'mounted' check - lib\features\tra
de_steps_flow\view\trade_start_scr
een3.dart:822:25 - 
use_build_context_synchronously
   info - Don't use 
'BuildContext's across async 
gaps, guarded by an unrelated 
'mounted' check - lib\features\tra
de_steps_flow\view\trade_start_scr
een3.dart:824:36 - 
use_build_context_synchronously
   info - Don't use 
'BuildContext's across async 
gaps, guarded by an unrelated 
'mounted' check - lib\features\tra
de_steps_flow\view\trade_start_scr
een3.dart:826:39 - 
use_build_context_synchronously
   info - Don't use 
'BuildContext's across async 
gaps, guarded by an unrelated 
'mounted' check - lib\features\tra
de_steps_flow\view\trade_start_scr
een3.dart:827:23 - 
use_build_context_synchronously
   info - Don't use 
'BuildContext's across async 
gaps, guarded by an unrelated 
'mounted' check - lib\features\tra
de_steps_flow\view\trade_start_scr
een3.dart:831:9 - 
use_build_context_synchronously


